__tests__/hooks/useWorkspacePersistence.test.ts(2,42): error TS2307: Cannot find module '@testing-library/react' or its corresponding type declarations.
__tests__/hooks/useWorkspacePersistence.test.ts(224,61): error TS2554: Expected 1 arguments, but got 0.
__tests__/hooks/useWorkspacePersistence.test.ts(245,61): error TS2554: Expected 1 arguments, but got 0.
__tests__/utils/analysis-cache.test.ts(36,31): error TS2345: Argument of type 'string | undefined' is not assignable to parameter of type 'string'.
  Type 'undefined' is not assignable to type 'string'.
components/results/basic/TTestResults.tsx(4,58): error TS1261: Already included file name 'C:/ncsstat_paper/ncsStat_git/publlish_ncsStat/ncsstat_kiro/components/ui/card.tsx' differs from file name 'C:/ncsstat_paper/ncsStat_git/publlish_ncsStat/ncsstat_kiro/components/ui/Card.tsx' only in casing.
  The file is in the program because:
    Imported via '@/components/ui/card' from file 'C:/ncsstat_paper/ncsStat_git/publlish_ncsStat/ncsstat_kiro/components/results/basic/TTestResults.tsx'
    Imported via '@/components/ui/card' from file 'C:/ncsstat_paper/ncsStat_git/publlish_ncsStat/ncsstat_kiro/components/results/basic/PairedTTestResults.tsx'
    Imported via '@/components/ui/card' from file 'C:/ncsstat_paper/ncsStat_git/publlish_ncsStat/ncsstat_kiro/components/results/basic/ANOVAResults.tsx'
    Imported via '@/components/ui/card' from file 'C:/ncsstat_paper/ncsStat_git/publlish_ncsStat/ncsstat_kiro/components/results/basic/DescriptiveResults.tsx'
    Imported via '@/components/ui/card' from file 'C:/ncsstat_paper/ncsStat_git/publlish_ncsStat/ncsstat_kiro/components/results/basic/TwoWayANOVAResults.tsx'
    Imported via '@/components/ui/card' from file 'C:/ncsstat_paper/ncsStat_git/publlish_ncsStat/ncsstat_kiro/components/results/cluster/ClusterResults.tsx'
    Imported via '@/components/ui/card' from file 'C:/ncsstat_paper/ncsStat_git/publlish_ncsStat/ncsstat_kiro/components/results/factor/EFAResults.tsx'
    Imported via '@/components/ui/card' from file 'C:/ncsstat_paper/ncsStat_git/publlish_ncsStat/ncsstat_kiro/components/results/factor/CFAResults.tsx'
    Imported via '@/components/ui/card' from file 'C:/ncsstat_paper/ncsStat_git/publlish_ncsStat/ncsstat_kiro/components/results/factor/SEMResults.tsx'
    Imported via '@/components/ui/card' from file 'C:/ncsstat_paper/ncsStat_git/publlish_ncsStat/ncsstat_kiro/components/results/mediation/MediationResults.tsx'
    Imported via '@/components/ui/card' from file 'C:/ncsstat_paper/ncsStat_git/publlish_ncsStat/ncsstat_kiro/components/results/nonparametric/ChiSquareResults.tsx'
    Imported via '@/components/ui/card' from file 'C:/ncsstat_paper/ncsStat_git/publlish_ncsStat/ncsstat_kiro/components/results/nonparametric/MannWhitneyResults.tsx'
    Imported via '@/components/ui/card' from file 'C:/ncsstat_paper/ncsStat_git/publlish_ncsStat/ncsstat_kiro/components/results/nonparametric/KruskalWallisResults.tsx'
    Imported via '@/components/ui/card' from file 'C:/ncsstat_paper/ncsStat_git/publlish_ncsStat/ncsstat_kiro/components/results/nonparametric/WilcoxonResults.tsx'
    Imported via '@/components/ui/card' from file 'C:/ncsstat_paper/ncsStat_git/publlish_ncsStat/ncsstat_kiro/components/results/regression/RegressionResults.tsx'
    Imported via '@/components/ui/card' from file 'C:/ncsstat_paper/ncsStat_git/publlish_ncsStat/ncsstat_kiro/components/results/regression/LogisticResults.tsx'
    Imported via '@/components/ui/card' from file 'C:/ncsstat_paper/ncsStat_git/publlish_ncsStat/ncsstat_kiro/components/results/regression/ModerationResults.tsx'
    Imported via '@/components/ui/card' from file 'C:/ncsstat_paper/ncsStat_git/publlish_ncsStat/ncsstat_kiro/components/results/reliability/CronbachResults.tsx'
    Imported via '@/components/ui/card' from file 'C:/ncsstat_paper/ncsStat_git/publlish_ncsStat/ncsstat_kiro/components/results/shared/RSyntaxViewer.tsx'
    Imported via './ui/card' from file 'C:/ncsstat_paper/ncsStat_git/publlish_ncsStat/ncsstat_kiro/components/ResultsDisplay.tsx'
    Imported via '@/components/ui/card' from file 'C:/ncsstat_paper/ncsStat_git/publlish_ncsStat/ncsstat_kiro/components/feedback/AIInterpretationFeedback.tsx'
    Imported via './ui/card' from file 'C:/ncsstat_paper/ncsStat_git/publlish_ncsStat/ncsstat_kiro/components/CFASelection.tsx'
    Imported via './ui/card' from file 'C:/ncsstat_paper/ncsStat_git/publlish_ncsStat/ncsstat_kiro/components/SEMSelection.tsx'
    Imported via '@/components/ui/card' from file 'C:/ncsstat_paper/ncsStat_git/publlish_ncsStat/ncsstat_kiro/components/login/ProjectFlowAnimation.tsx'
    Matched by include pattern '**/*.tsx' in 'C:/ncsstat_paper/ncsStat_git/publlish_ncsStat/ncsstat_kiro/tsconfig.json'
components/results/factor/SEMResults.tsx(5,28): error TS2307: Cannot find module '../SEMPathDiagram' or its corresponding type declarations.
components/results/reliability/CronbachResults.tsx(5,8): error TS2613: Module '"C:/ncsstat_paper/ncsStat_git/publlish_ncsStat/ncsstat_kiro/components/TemplateInterpretation"' has no default export. Did you mean to use 'import { TemplateInterpretation } from "C:/ncsstat_paper/ncsStat_git/publlish_ncsStat/ncsstat_kiro/components/TemplateInterpretation"' instead?
