__tests__/pls-sem.test.ts(66,66): error TS2554: Expected 1-2 arguments, but got 3.
__tests__/pls-sem.test.ts(94,66): error TS2554: Expected 1-2 arguments, but got 3.
__tests__/pls-sem.test.ts(108,60): error TS2554: Expected 1 arguments, but got 2.
__tests__/pls-sem.test.ts(131,60): error TS2554: Expected 1 arguments, but got 2.
__tests__/pls-sem.test.ts(149,71): error TS2554: Expected 2 arguments, but got 3.
__tests__/pls-sem.test.ts(185,71): error TS2554: Expected 2 arguments, but got 3.
__tests__/pls-sem.test.ts(198,66): error TS2554: Expected 1-2 arguments, but got 3.
__tests__/pls-sem.test.ts(205,38): error TS7006: Parameter 'vif' implicitly has an 'any' type.
__tests__/pls-sem.test.ts(232,66): error TS2554: Expected 1-2 arguments, but got 3.
__tests__/pls-sem.test.ts(238,57): error TS7006: Parameter 'v' implicitly has an 'any' type.
__tests__/pls-sem.test.ts(251,66): error TS2554: Expected 1-2 arguments, but got 3.
__tests__/pls-sem.test.ts(258,48): error TS7006: Parameter 'ci' implicitly has an 'any' type.
__tests__/pls-sem.test.ts(281,63): error TS2345: Argument of type 'string[]' is not assignable to parameter of type 'number'.
__tests__/pls-sem.test.ts(311,50): error TS2345: Argument of type '{ LV1: string[]; LV2: string[]; }' is not assignable to parameter of type '{ construct: string; items: number[]; }[]'.
  Type '{ LV1: string[]; LV2: string[]; }' is missing the following properties from type '{ construct: string; items: number[]; }[]': length, pop, push, concat, and 35 more.
__tests__/pls-sem.test.ts(337,65): error TS2554: Expected 2 arguments, but got 3.
__tests__/pls-sem.test.ts(344,39): error TS7006: Parameter 'entry' implicitly has an 'any' type.
__tests__/pls-sem.test.ts(364,53): error TS2345: Argument of type 'number[][]' is not assignable to parameter of type 'number[]'.
  Type 'number[]' is not assignable to type 'number'.
__tests__/pls-sem.test.ts(372,40): error TS7006: Parameter 'diff' implicitly has an 'any' type.
__tests__/pls-sem.test.ts(393,74): error TS2554: Expected 1-2 arguments, but got 4.
__tests__/pls-sem.test.ts(419,49): error TS2554: Expected 1-2 arguments, but got 3.
__tests__/pls-sem.test.ts(428,49): error TS2554: Expected 1-2 arguments, but got 3.
__tests__/pls-sem.test.ts(437,49): error TS2554: Expected 1-2 arguments, but got 3.
__tests__/pls-sem.test.ts(453,17): error TS2554: Expected 1-2 arguments, but got 3.
__tests__/pls-sem.test.ts(460,17): error TS2554: Expected 1 arguments, but got 2.
__tests__/pls-sem.test.ts(471,17): error TS2554: Expected 2 arguments, but got 3.
__tests__/pls-sem.test.ts(479,17): error TS2554: Expected 1-2 arguments, but got 3.
